--------------------------------------------------------------------------------
Release 14.7 Trace  (lin64)
Copyright (c) 1995-2013 Xilinx, Inc.  All rights reserved.

/opt/Xilinx/14.7/ISE_DS/ISE/bin/lin64/unwrapped/trce -intstyle ise -v 3 -s 3 -n
3 -fastpaths -xml php11.twx php11.ncd -o php11.twr php11.pcf -ucf
Nexys3_Master.ucf

Design file:              php11.ncd
Physical constraint file: php11.pcf
Device,package,speed:     xc6slx16,csg324,C,-3 (PRODUCTION 1.23 2013-10-13)
Report level:             verbose report

Environment Variable      Effect 
--------------------      ------ 
NONE                      No environment variables were set
--------------------------------------------------------------------------------

INFO:Timing:3412 - To improve timing, see the Timing Closure User Guide (UG612).
INFO:Timing:2752 - To get complete path coverage, use the unconstrained paths 
   option. All paths that are not constrained will be reported in the 
   unconstrained paths section(s) of the report.
INFO:Timing:3339 - The clock-to-out numbers in this timing report are based on 
   a 50 Ohm transmission line loading model.  For the details of this model, 
   and for more information on accounting for different loading conditions, 
   please see the device datasheet.

================================================================================
Timing constraint: TS_sys_clk_pin = PERIOD TIMEGRP "sys_clk_pin" 100 MHz HIGH 
50%;
For more information, see Period Analysis in the Timing Closure User Guide (UG612).

 1952 paths analyzed, 208 endpoints analyzed, 0 failing endpoints
 0 timing errors detected. (0 setup errors, 0 hold errors, 0 component switching limit errors)
 Minimum period is   3.830ns.
--------------------------------------------------------------------------------

Paths for end point countA_22 (SLICE_X13Y33.D2), 25 paths
--------------------------------------------------------------------------------
Slack (setup path):     6.170ns (requirement - (data path - clock path skew + uncertainty))
  Source:               countA_15 (FF)
  Destination:          countA_22 (FF)
  Requirement:          10.000ns
  Data Path Delay:      3.786ns (Levels of Logic = 3)
  Clock Path Skew:      -0.009ns (0.154 - 0.163)
  Source Clock:         clk_BUFGP rising at 0.000ns
  Destination Clock:    clk_BUFGP rising at 10.000ns
  Clock Uncertainty:    0.035ns

  Clock Uncertainty:          0.035ns  ((TSJ^2 + TIJ^2)^1/2 + DJ) / 2 + PE
    Total System Jitter (TSJ):  0.070ns
    Total Input Jitter (TIJ):   0.000ns
    Discrete Jitter (DJ):       0.000ns
    Phase Error (PE):           0.000ns

  Maximum Data Path at Slow Process Corner: countA_15 to countA_22
    Location             Delay type         Delay(ns)  Physical Resource
                                                       Logical Resource(s)
    -------------------------------------------------  -------------------
    SLICE_X13Y32.AQ      Tcko                  0.391   countA<18>
                                                       countA_15
    SLICE_X13Y31.C1      net (fanout=2)        0.723   countA<15>
    SLICE_X13Y31.C       Tilo                  0.259   countA<24>
                                                       GND_5_o_GND_5_o_equal_1_o<24>4
    SLICE_X15Y31.B4      net (fanout=2)        0.747   GND_5_o_GND_5_o_equal_1_o<24>3
    SLICE_X15Y31.B       Tilo                  0.259   countA<14>
                                                       GND_5_o_GND_5_o_equal_1_o<24>5_1
    SLICE_X13Y33.D2      net (fanout=12)       1.085   GND_5_o_GND_5_o_equal_1_o<24>5
    SLICE_X13Y33.CLK     Tas                   0.322   countA<22>
                                                       countA_22_rstpot
                                                       countA_22
    -------------------------------------------------  ---------------------------
    Total                                      3.786ns (1.231ns logic, 2.555ns route)
                                                       (32.5% logic, 67.5% route)

--------------------------------------------------------------------------------
Slack (setup path):     6.285ns (requirement - (data path - clock path skew + uncertainty))
  Source:               countA_10 (FF)
  Destination:          countA_22 (FF)
  Requirement:          10.000ns
  Data Path Delay:      3.656ns (Levels of Logic = 3)
  Clock Path Skew:      -0.024ns (0.432 - 0.456)
  Source Clock:         clk_BUFGP rising at 0.000ns
  Destination Clock:    clk_BUFGP rising at 10.000ns
  Clock Uncertainty:    0.035ns

  Clock Uncertainty:          0.035ns  ((TSJ^2 + TIJ^2)^1/2 + DJ) / 2 + PE
    Total System Jitter (TSJ):  0.070ns
    Total Input Jitter (TIJ):   0.000ns
    Discrete Jitter (DJ):       0.000ns
    Phase Error (PE):           0.000ns

  Maximum Data Path at Slow Process Corner: countA_10 to countA_22
    Location             Delay type         Delay(ns)  Physical Resource
                                                       Logical Resource(s)
    -------------------------------------------------  -------------------
    SLICE_X13Y30.CQ      Tcko                  0.391   countA<11>
                                                       countA_10
    SLICE_X13Y31.C2      net (fanout=2)        0.593   countA<10>
    SLICE_X13Y31.C       Tilo                  0.259   countA<24>
                                                       GND_5_o_GND_5_o_equal_1_o<24>4
    SLICE_X15Y31.B4      net (fanout=2)        0.747   GND_5_o_GND_5_o_equal_1_o<24>3
    SLICE_X15Y31.B       Tilo                  0.259   countA<14>
                                                       GND_5_o_GND_5_o_equal_1_o<24>5_1
    SLICE_X13Y33.D2      net (fanout=12)       1.085   GND_5_o_GND_5_o_equal_1_o<24>5
    SLICE_X13Y33.CLK     Tas                   0.322   countA<22>
                                                       countA_22_rstpot
                                                       countA_22
    -------------------------------------------------  ---------------------------
    Total                                      3.656ns (1.231ns logic, 2.425ns route)
                                                       (33.7% logic, 66.3% route)

--------------------------------------------------------------------------------
Slack (setup path):     6.360ns (requirement - (data path - clock path skew + uncertainty))
  Source:               countA_12 (FF)
  Destination:          countA_22 (FF)
  Requirement:          10.000ns
  Data Path Delay:      3.585ns (Levels of Logic = 3)
  Clock Path Skew:      -0.020ns (0.432 - 0.452)
  Source Clock:         clk_BUFGP rising at 0.000ns
  Destination Clock:    clk_BUFGP rising at 10.000ns
  Clock Uncertainty:    0.035ns

  Clock Uncertainty:          0.035ns  ((TSJ^2 + TIJ^2)^1/2 + DJ) / 2 + PE
    Total System Jitter (TSJ):  0.070ns
    Total Input Jitter (TIJ):   0.000ns
    Discrete Jitter (DJ):       0.000ns
    Phase Error (PE):           0.000ns

  Maximum Data Path at Slow Process Corner: countA_12 to countA_22
    Location             Delay type         Delay(ns)  Physical Resource
                                                       Logical Resource(s)
    -------------------------------------------------  -------------------
    SLICE_X15Y31.AQ      Tcko                  0.391   countA<14>
                                                       countA_12
    SLICE_X14Y31.C3      net (fanout=2)        0.790   countA<12>
    SLICE_X14Y31.C       Tilo                  0.204   clk4Hz
                                                       GND_5_o_GND_5_o_equal_1_o<24>1
    SLICE_X15Y31.B1      net (fanout=2)        0.534   GND_5_o_GND_5_o_equal_1_o<24>
    SLICE_X15Y31.B       Tilo                  0.259   countA<14>
                                                       GND_5_o_GND_5_o_equal_1_o<24>5_1
    SLICE_X13Y33.D2      net (fanout=12)       1.085   GND_5_o_GND_5_o_equal_1_o<24>5
    SLICE_X13Y33.CLK     Tas                   0.322   countA<22>
                                                       countA_22_rstpot
                                                       countA_22
    -------------------------------------------------  ---------------------------
    Total                                      3.585ns (1.176ns logic, 2.409ns route)
                                                       (32.8% logic, 67.2% route)

--------------------------------------------------------------------------------

Paths for end point countA_20 (SLICE_X13Y33.B1), 25 paths
--------------------------------------------------------------------------------
Slack (setup path):     6.343ns (requirement - (data path - clock path skew + uncertainty))
  Source:               countA_15 (FF)
  Destination:          countA_20 (FF)
  Requirement:          10.000ns
  Data Path Delay:      3.613ns (Levels of Logic = 3)
  Clock Path Skew:      -0.009ns (0.154 - 0.163)
  Source Clock:         clk_BUFGP rising at 0.000ns
  Destination Clock:    clk_BUFGP rising at 10.000ns
  Clock Uncertainty:    0.035ns

  Clock Uncertainty:          0.035ns  ((TSJ^2 + TIJ^2)^1/2 + DJ) / 2 + PE
    Total System Jitter (TSJ):  0.070ns
    Total Input Jitter (TIJ):   0.000ns
    Discrete Jitter (DJ):       0.000ns
    Phase Error (PE):           0.000ns

  Maximum Data Path at Slow Process Corner: countA_15 to countA_20
    Location             Delay type         Delay(ns)  Physical Resource
                                                       Logical Resource(s)
    -------------------------------------------------  -------------------
    SLICE_X13Y32.AQ      Tcko                  0.391   countA<18>
                                                       countA_15
    SLICE_X13Y31.C1      net (fanout=2)        0.723   countA<15>
    SLICE_X13Y31.C       Tilo                  0.259   countA<24>
                                                       GND_5_o_GND_5_o_equal_1_o<24>4
    SLICE_X15Y31.B4      net (fanout=2)        0.747   GND_5_o_GND_5_o_equal_1_o<24>3
    SLICE_X15Y31.B       Tilo                  0.259   countA<14>
                                                       GND_5_o_GND_5_o_equal_1_o<24>5_1
    SLICE_X13Y33.B1      net (fanout=12)       0.912   GND_5_o_GND_5_o_equal_1_o<24>5
    SLICE_X13Y33.CLK     Tas                   0.322   countA<22>
                                                       countA_20_rstpot
                                                       countA_20
    -------------------------------------------------  ---------------------------
    Total                                      3.613ns (1.231ns logic, 2.382ns route)
                                                       (34.1% logic, 65.9% route)

--------------------------------------------------------------------------------
Slack (setup path):     6.458ns (requirement - (data path - clock path skew + uncertainty))
  Source:               countA_10 (FF)
  Destination:          countA_20 (FF)
  Requirement:          10.000ns
  Data Path Delay:      3.483ns (Levels of Logic = 3)
  Clock Path Skew:      -0.024ns (0.432 - 0.456)
  Source Clock:         clk_BUFGP rising at 0.000ns
  Destination Clock:    clk_BUFGP rising at 10.000ns
  Clock Uncertainty:    0.035ns

  Clock Uncertainty:          0.035ns  ((TSJ^2 + TIJ^2)^1/2 + DJ) / 2 + PE
    Total System Jitter (TSJ):  0.070ns
    Total Input Jitter (TIJ):   0.000ns
    Discrete Jitter (DJ):       0.000ns
    Phase Error (PE):           0.000ns

  Maximum Data Path at Slow Process Corner: countA_10 to countA_20
    Location             Delay type         Delay(ns)  Physical Resource
                                                       Logical Resource(s)
    -------------------------------------------------  -------------------
    SLICE_X13Y30.CQ      Tcko                  0.391   countA<11>
                                                       countA_10
    SLICE_X13Y31.C2      net (fanout=2)        0.593   countA<10>
    SLICE_X13Y31.C       Tilo                  0.259   countA<24>
                                                       GND_5_o_GND_5_o_equal_1_o<24>4
    SLICE_X15Y31.B4      net (fanout=2)        0.747   GND_5_o_GND_5_o_equal_1_o<24>3
    SLICE_X15Y31.B       Tilo                  0.259   countA<14>
                                                       GND_5_o_GND_5_o_equal_1_o<24>5_1
    SLICE_X13Y33.B1      net (fanout=12)       0.912   GND_5_o_GND_5_o_equal_1_o<24>5
    SLICE_X13Y33.CLK     Tas                   0.322   countA<22>
                                                       countA_20_rstpot
                                                       countA_20
    -------------------------------------------------  ---------------------------
    Total                                      3.483ns (1.231ns logic, 2.252ns route)
                                                       (35.3% logic, 64.7% route)

--------------------------------------------------------------------------------
Slack (setup path):     6.533ns (requirement - (data path - clock path skew + uncertainty))
  Source:               countA_12 (FF)
  Destination:          countA_20 (FF)
  Requirement:          10.000ns
  Data Path Delay:      3.412ns (Levels of Logic = 3)
  Clock Path Skew:      -0.020ns (0.432 - 0.452)
  Source Clock:         clk_BUFGP rising at 0.000ns
  Destination Clock:    clk_BUFGP rising at 10.000ns
  Clock Uncertainty:    0.035ns

  Clock Uncertainty:          0.035ns  ((TSJ^2 + TIJ^2)^1/2 + DJ) / 2 + PE
    Total System Jitter (TSJ):  0.070ns
    Total Input Jitter (TIJ):   0.000ns
    Discrete Jitter (DJ):       0.000ns
    Phase Error (PE):           0.000ns

  Maximum Data Path at Slow Process Corner: countA_12 to countA_20
    Location             Delay type         Delay(ns)  Physical Resource
                                                       Logical Resource(s)
    -------------------------------------------------  -------------------
    SLICE_X15Y31.AQ      Tcko                  0.391   countA<14>
                                                       countA_12
    SLICE_X14Y31.C3      net (fanout=2)        0.790   countA<12>
    SLICE_X14Y31.C       Tilo                  0.204   clk4Hz
                                                       GND_5_o_GND_5_o_equal_1_o<24>1
    SLICE_X15Y31.B1      net (fanout=2)        0.534   GND_5_o_GND_5_o_equal_1_o<24>
    SLICE_X15Y31.B       Tilo                  0.259   countA<14>
                                                       GND_5_o_GND_5_o_equal_1_o<24>5_1
    SLICE_X13Y33.B1      net (fanout=12)       0.912   GND_5_o_GND_5_o_equal_1_o<24>5
    SLICE_X13Y33.CLK     Tas                   0.322   countA<22>
                                                       countA_20_rstpot
                                                       countA_20
    -------------------------------------------------  ---------------------------
    Total                                      3.412ns (1.176ns logic, 2.236ns route)
                                                       (34.5% logic, 65.5% route)

--------------------------------------------------------------------------------

Paths for end point countA_21 (SLICE_X13Y33.C3), 25 paths
--------------------------------------------------------------------------------
Slack (setup path):     6.473ns (requirement - (data path - clock path skew + uncertainty))
  Source:               countA_15 (FF)
  Destination:          countA_21 (FF)
  Requirement:          10.000ns
  Data Path Delay:      3.483ns (Levels of Logic = 3)
  Clock Path Skew:      -0.009ns (0.154 - 0.163)
  Source Clock:         clk_BUFGP rising at 0.000ns
  Destination Clock:    clk_BUFGP rising at 10.000ns
  Clock Uncertainty:    0.035ns

  Clock Uncertainty:          0.035ns  ((TSJ^2 + TIJ^2)^1/2 + DJ) / 2 + PE
    Total System Jitter (TSJ):  0.070ns
    Total Input Jitter (TIJ):   0.000ns
    Discrete Jitter (DJ):       0.000ns
    Phase Error (PE):           0.000ns

  Maximum Data Path at Slow Process Corner: countA_15 to countA_21
    Location             Delay type         Delay(ns)  Physical Resource
                                                       Logical Resource(s)
    -------------------------------------------------  -------------------
    SLICE_X13Y32.AQ      Tcko                  0.391   countA<18>
                                                       countA_15
    SLICE_X13Y31.C1      net (fanout=2)        0.723   countA<15>
    SLICE_X13Y31.C       Tilo                  0.259   countA<24>
                                                       GND_5_o_GND_5_o_equal_1_o<24>4
    SLICE_X15Y31.B4      net (fanout=2)        0.747   GND_5_o_GND_5_o_equal_1_o<24>3
    SLICE_X15Y31.B       Tilo                  0.259   countA<14>
                                                       GND_5_o_GND_5_o_equal_1_o<24>5_1
    SLICE_X13Y33.C3      net (fanout=12)       0.782   GND_5_o_GND_5_o_equal_1_o<24>5
    SLICE_X13Y33.CLK     Tas                   0.322   countA<22>
                                                       countA_21_rstpot
                                                       countA_21
    -------------------------------------------------  ---------------------------
    Total                                      3.483ns (1.231ns logic, 2.252ns route)
                                                       (35.3% logic, 64.7% route)

--------------------------------------------------------------------------------
Slack (setup path):     6.588ns (requirement - (data path - clock path skew + uncertainty))
  Source:               countA_10 (FF)
  Destination:          countA_21 (FF)
  Requirement:          10.000ns
  Data Path Delay:      3.353ns (Levels of Logic = 3)
  Clock Path Skew:      -0.024ns (0.432 - 0.456)
  Source Clock:         clk_BUFGP rising at 0.000ns
  Destination Clock:    clk_BUFGP rising at 10.000ns
  Clock Uncertainty:    0.035ns

  Clock Uncertainty:          0.035ns  ((TSJ^2 + TIJ^2)^1/2 + DJ) / 2 + PE
    Total System Jitter (TSJ):  0.070ns
    Total Input Jitter (TIJ):   0.000ns
    Discrete Jitter (DJ):       0.000ns
    Phase Error (PE):           0.000ns

  Maximum Data Path at Slow Process Corner: countA_10 to countA_21
    Location             Delay type         Delay(ns)  Physical Resource
                                                       Logical Resource(s)
    -------------------------------------------------  -------------------
    SLICE_X13Y30.CQ      Tcko                  0.391   countA<11>
                                                       countA_10
    SLICE_X13Y31.C2      net (fanout=2)        0.593   countA<10>
    SLICE_X13Y31.C       Tilo                  0.259   countA<24>
                                                       GND_5_o_GND_5_o_equal_1_o<24>4
    SLICE_X15Y31.B4      net (fanout=2)        0.747   GND_5_o_GND_5_o_equal_1_o<24>3
    SLICE_X15Y31.B       Tilo                  0.259   countA<14>
                                                       GND_5_o_GND_5_o_equal_1_o<24>5_1
    SLICE_X13Y33.C3      net (fanout=12)       0.782   GND_5_o_GND_5_o_equal_1_o<24>5
    SLICE_X13Y33.CLK     Tas                   0.322   countA<22>
                                                       countA_21_rstpot
                                                       countA_21
    -------------------------------------------------  ---------------------------
    Total                                      3.353ns (1.231ns logic, 2.122ns route)
                                                       (36.7% logic, 63.3% route)

--------------------------------------------------------------------------------
Slack (setup path):     6.663ns (requirement - (data path - clock path skew + uncertainty))
  Source:               countA_12 (FF)
  Destination:          countA_21 (FF)
  Requirement:          10.000ns
  Data Path Delay:      3.282ns (Levels of Logic = 3)
  Clock Path Skew:      -0.020ns (0.432 - 0.452)
  Source Clock:         clk_BUFGP rising at 0.000ns
  Destination Clock:    clk_BUFGP rising at 10.000ns
  Clock Uncertainty:    0.035ns

  Clock Uncertainty:          0.035ns  ((TSJ^2 + TIJ^2)^1/2 + DJ) / 2 + PE
    Total System Jitter (TSJ):  0.070ns
    Total Input Jitter (TIJ):   0.000ns
    Discrete Jitter (DJ):       0.000ns
    Phase Error (PE):           0.000ns

  Maximum Data Path at Slow Process Corner: countA_12 to countA_21
    Location             Delay type         Delay(ns)  Physical Resource
                                                       Logical Resource(s)
    -------------------------------------------------  -------------------
    SLICE_X15Y31.AQ      Tcko                  0.391   countA<14>
                                                       countA_12
    SLICE_X14Y31.C3      net (fanout=2)        0.790   countA<12>
    SLICE_X14Y31.C       Tilo                  0.204   clk4Hz
                                                       GND_5_o_GND_5_o_equal_1_o<24>1
    SLICE_X15Y31.B1      net (fanout=2)        0.534   GND_5_o_GND_5_o_equal_1_o<24>
    SLICE_X15Y31.B       Tilo                  0.259   countA<14>
                                                       GND_5_o_GND_5_o_equal_1_o<24>5_1
    SLICE_X13Y33.C3      net (fanout=12)       0.782   GND_5_o_GND_5_o_equal_1_o<24>5
    SLICE_X13Y33.CLK     Tas                   0.322   countA<22>
                                                       countA_21_rstpot
                                                       countA_21
    -------------------------------------------------  ---------------------------
    Total                                      3.282ns (1.176ns logic, 2.106ns route)
                                                       (35.8% logic, 64.2% route)

--------------------------------------------------------------------------------

Hold Paths: TS_sys_clk_pin = PERIOD TIMEGRP "sys_clk_pin" 100 MHz HIGH 50%;
--------------------------------------------------------------------------------

Paths for end point clk1kHz (SLICE_X27Y25.A6), 1 path
--------------------------------------------------------------------------------
Slack (hold path):      0.438ns (requirement - (clock path skew + uncertainty - data path))
  Source:               clk1kHz (FF)
  Destination:          clk1kHz (FF)
  Requirement:          0.000ns
  Data Path Delay:      0.438ns (Levels of Logic = 1)
  Clock Path Skew:      0.000ns
  Source Clock:         clk_BUFGP rising at 10.000ns
  Destination Clock:    clk_BUFGP rising at 10.000ns
  Clock Uncertainty:    0.000ns

  Minimum Data Path at Fast Process Corner: clk1kHz to clk1kHz
    Location             Delay type         Delay(ns)  Physical Resource
                                                       Logical Resource(s)
    -------------------------------------------------  -------------------
    SLICE_X27Y25.AQ      Tcko                  0.198   countB<24>
                                                       clk1kHz
    SLICE_X27Y25.A6      net (fanout=9)        0.025   clk1kHz
    SLICE_X27Y25.CLK     Tah         (-Th)    -0.215   countB<24>
                                                       clk1kHz_rstpot
                                                       clk1kHz
    -------------------------------------------------  ---------------------------
    Total                                      0.438ns (0.413ns logic, 0.025ns route)
                                                       (94.3% logic, 5.7% route)

--------------------------------------------------------------------------------

Paths for end point clk4Hz (SLICE_X14Y31.A6), 1 path
--------------------------------------------------------------------------------
Slack (hold path):      0.457ns (requirement - (clock path skew + uncertainty - data path))
  Source:               clk4Hz (FF)
  Destination:          clk4Hz (FF)
  Requirement:          0.000ns
  Data Path Delay:      0.457ns (Levels of Logic = 1)
  Clock Path Skew:      0.000ns
  Source Clock:         clk_BUFGP rising at 10.000ns
  Destination Clock:    clk_BUFGP rising at 10.000ns
  Clock Uncertainty:    0.000ns

  Minimum Data Path at Fast Process Corner: clk4Hz to clk4Hz
    Location             Delay type         Delay(ns)  Physical Resource
                                                       Logical Resource(s)
    -------------------------------------------------  -------------------
    SLICE_X14Y31.AQ      Tcko                  0.234   clk4Hz
                                                       clk4Hz
    SLICE_X14Y31.A6      net (fanout=2)        0.026   clk4Hz
    SLICE_X14Y31.CLK     Tah         (-Th)    -0.197   clk4Hz
                                                       clk4Hz_rstpot
                                                       clk4Hz
    -------------------------------------------------  ---------------------------
    Total                                      0.457ns (0.431ns logic, 0.026ns route)
                                                       (94.3% logic, 5.7% route)

--------------------------------------------------------------------------------

Paths for end point clk1kHz (SLICE_X27Y25.A4), 1 path
--------------------------------------------------------------------------------
Slack (hold path):      0.558ns (requirement - (clock path skew + uncertainty - data path))
  Source:               countB_24 (FF)
  Destination:          clk1kHz (FF)
  Requirement:          0.000ns
  Data Path Delay:      0.558ns (Levels of Logic = 1)
  Clock Path Skew:      0.000ns
  Source Clock:         clk_BUFGP rising at 10.000ns
  Destination Clock:    clk_BUFGP rising at 10.000ns
  Clock Uncertainty:    0.000ns

  Minimum Data Path at Fast Process Corner: countB_24 to clk1kHz
    Location             Delay type         Delay(ns)  Physical Resource
                                                       Logical Resource(s)
    -------------------------------------------------  -------------------
    SLICE_X27Y25.CQ      Tcko                  0.198   countB<24>
                                                       countB_24
    SLICE_X27Y25.A4      net (fanout=27)       0.145   countB<24>
    SLICE_X27Y25.CLK     Tah         (-Th)    -0.215   countB<24>
                                                       clk1kHz_rstpot
                                                       clk1kHz
    -------------------------------------------------  ---------------------------
    Total                                      0.558ns (0.413ns logic, 0.145ns route)
                                                       (74.0% logic, 26.0% route)

--------------------------------------------------------------------------------

Component Switching Limit Checks: TS_sys_clk_pin = PERIOD TIMEGRP "sys_clk_pin" 100 MHz HIGH 50%;
--------------------------------------------------------------------------------
Slack: 8.270ns (period - min period limit)
  Period: 10.000ns
  Min period limit: 1.730ns (578.035MHz) (Tbcper_I)
  Physical resource: clk_BUFGP/BUFG/I0
  Logical resource: clk_BUFGP/BUFG/I0
  Location pin: BUFGMUX_X3Y13.I0
  Clock network: clk_BUFGP/IBUFG
--------------------------------------------------------------------------------
Slack: 9.595ns (period - min period limit)
  Period: 10.000ns
  Min period limit: 0.405ns (2469.136MHz) (Tcp)
  Physical resource: clk4Hz/CLK
  Logical resource: clk4Hz/CK
  Location pin: SLICE_X14Y31.CLK
  Clock network: clk_BUFGP
--------------------------------------------------------------------------------
Slack: 9.606ns (period - min period limit)
  Period: 10.000ns
  Min period limit: 0.394ns (2538.071MHz) (Tcp)
  Physical resource: countA<3>/CLK
  Logical resource: countA_0/CK
  Location pin: SLICE_X13Y28.CLK
  Clock network: clk_BUFGP
--------------------------------------------------------------------------------


All constraints were met.


Data Sheet report:
-----------------
All values displayed in nanoseconds (ns)

Clock to Setup on destination clock clk
---------------+---------+---------+---------+---------+
               | Src:Rise| Src:Fall| Src:Rise| Src:Fall|
Source Clock   |Dest:Rise|Dest:Rise|Dest:Fall|Dest:Fall|
---------------+---------+---------+---------+---------+
clk            |    3.830|         |         |         |
---------------+---------+---------+---------+---------+


Timing summary:
---------------

Timing errors: 0  Score: 0  (Setup/Max: 0, Hold: 0)

Constraints cover 1952 paths, 0 nets, and 345 connections

Design statistics:
   Minimum period:   3.830ns{1}   (Maximum frequency: 261.097MHz)


------------------------------------Footnotes-----------------------------------
1)  The minimum period statistic assumes all single cycle delays.

Analysis completed Thu Nov  5 18:30:06 2020 
--------------------------------------------------------------------------------

Trace Settings:
-------------------------
Trace Settings 

Peak Memory Usage: 399 MB



