Release 14.7 - xst P.20131013 (lin64)
Copyright (c) 1995-2013 Xilinx, Inc.  All rights reserved.
--> 
Parameter TMPDIR set to xst/projnav.tmp


Total REAL time to Xst completion: 0.00 secs
Total CPU time to Xst completion: 0.07 secs
 
--> 
Parameter xsthdpdir set to xst


Total REAL time to Xst completion: 0.00 secs
Total CPU time to Xst completion: 0.07 secs
 
--> 
Reading design: php11.prj

TABLE OF CONTENTS
  1) Synthesis Options Summary
  2) HDL Parsing
  3) HDL Elaboration
  4) HDL Synthesis
       4.1) HDL Synthesis Report
  5) Advanced HDL Synthesis
       5.1) Advanced HDL Synthesis Report
  6) Low Level Synthesis
  7) Partition Report
  8) Design Summary
       8.1) Primitive and Black Box Usage
       8.2) Device utilization summary
       8.3) Partition Resource Summary
       8.4) Timing Report
            8.4.1) Clock Information
            8.4.2) Asynchronous Control Signals Information
            8.4.3) Timing Summary
            8.4.4) Timing Details
            8.4.5) Cross Clock Domains Report


=========================================================================
*                      Synthesis Options Summary                        *
=========================================================================
---- Source Parameters
Input File Name                    : "php11.prj"
Ignore Synthesis Constraint File   : NO

---- Target Parameters
Output File Name                   : "php11"
Output Format                      : NGC
Target Device                      : xc6slx16-3-csg324

---- Source Options
Top Module Name                    : php11
Automatic FSM Extraction           : YES
FSM Encoding Algorithm             : Auto
Safe Implementation                : No
FSM Style                          : LUT
RAM Extraction                     : Yes
RAM Style                          : Auto
ROM Extraction                     : Yes
Shift Register Extraction          : YES
ROM Style                          : Auto
Resource Sharing                   : YES
Asynchronous To Synchronous        : NO
Shift Register Minimum Size        : 2
Use DSP Block                      : Auto
Automatic Register Balancing       : No

---- Target Options
LUT Combining                      : Auto
Reduce Control Sets                : Auto
Add IO Buffers                     : YES
Global Maximum Fanout              : 100000
Add Generic Clock Buffer(BUFG)     : 16
Register Duplication               : YES
Optimize Instantiated Primitives   : NO
Use Clock Enable                   : Auto
Use Synchronous Set                : Auto
Use Synchronous Reset              : Auto
Pack IO Registers into IOBs        : Auto
Equivalent register Removal        : YES

---- General Options
Optimization Goal                  : Speed
Optimization Effort                : 1
Power Reduction                    : NO
Keep Hierarchy                     : No
Netlist Hierarchy                  : As_Optimized
RTL Output                         : Yes
Global Optimization                : AllClockNets
Read Cores                         : YES
Write Timing Constraints           : NO
Cross Clock Analysis               : NO
Hierarchy Separator                : /
Bus Delimiter                      : <>
Case Specifier                     : Maintain
Slice Utilization Ratio            : 100
BRAM Utilization Ratio             : 100
DSP48 Utilization Ratio            : 100
Auto BRAM Packing                  : NO
Slice Utilization Ratio Delta      : 5

=========================================================================


=========================================================================
*                          HDL Parsing                                  *
=========================================================================
Parsing VHDL file "/home/john/Desktop/FPGA_projekt/PHP11_MxDisplay/mux_7seg_char.vhd" into library work
Parsing entity <mux_7seg_char>.
Parsing architecture <arch_mux_7seg_char> of entity <mux_7seg_char>.
Parsing VHDL file "/home/john/Desktop/FPGA_projekt/PHP11_MxDisplay/php11.vhd" into library work
Parsing entity <php11>.
Parsing architecture <Behavioral> of entity <php11>.

=========================================================================
*                            HDL Elaboration                            *
=========================================================================

Elaborating entity <php11> (architecture <Behavioral>) from library <work>.

Elaborating entity <mux_7seg_char> (architecture <arch_mux_7seg_char>) from library <work>.

=========================================================================
*                           HDL Synthesis                               *
=========================================================================

Synthesizing Unit <php11>.
    Related source file is "/home/john/Desktop/FPGA_projekt/PHP11_MxDisplay/php11.vhd".
    Found 1-bit register for signal <clkA>.
    Found 28-bit register for signal <countD>.
    Found 1-bit register for signal <clk1kHz>.
    Found 28-bit register for signal <countC>.
    Found 8-bit register for signal <CHAR3>.
    Found 8-bit register for signal <CHAR2>.
    Found 8-bit register for signal <CHAR1>.
    Found 8-bit register for signal <CHAR0>.
    Found 32-bit register for signal <CHAR3_p>.
    Found 32-bit register for signal <CHAR2_p>.
    Found 32-bit register for signal <CHAR1_p>.
    Found 32-bit register for signal <CHAR0_p>.
    Found 4-bit register for signal <CHAR_T3>.
    Found 4-bit register for signal <CHAR_T2>.
    Found 3-bit register for signal <CHAR_T1>.
    Found 2-bit register for signal <CHAR_T0>.
    Found 8-bit register for signal <M_CHAR>.
    Found 32-bit register for signal <countB>.
    Found 1-bit register for signal <space>.
    Found 3-bit register for signal <SEQ>.
    Found 32-bit register for signal <M_CHAR_p>.
    Found 2-bit register for signal <led>.
    Found 1-bit register for signal <blik>.
    Found 28-bit register for signal <countA>.
    Found finite state machine <FSM_0> for signal <SEQ>.
    -----------------------------------------------------------------------
    | States             | 5                                              |
    | Transitions        | 12                                             |
    | Inputs             | 5                                              |
    | Outputs            | 4                                              |
    | Clock              | clkA (rising_edge)                             |
    | Power Up State     | 000                                            |
    | Encoding           | auto                                           |
    | Implementation     | LUT                                            |
    -----------------------------------------------------------------------
    Found 28-bit adder for signal <countA[27]_GND_5_o_add_1_OUT> created at line 125.
    Found 28-bit adder for signal <countD[27]_GND_5_o_add_4_OUT> created at line 132.
    Found 32-bit adder for signal <CHAR3_p[31]_GND_5_o_add_14_OUT> created at line 155.
    Found 32-bit adder for signal <CHAR2_p[31]_GND_5_o_add_17_OUT> created at line 161.
    Found 32-bit adder for signal <CHAR1_p[31]_GND_5_o_add_20_OUT> created at line 167.
    Found 32-bit adder for signal <CHAR0_p[31]_GND_5_o_add_23_OUT> created at line 173.
    Found 28-bit adder for signal <countC[27]_GND_5_o_add_25_OUT> created at line 177.
    Found 32-bit adder for signal <M_CHAR_p[31]_GND_5_o_add_95_OUT> created at line 258.
    Found 32-bit subtractor for signal <countB[31]_GND_5_o_sub_122_OUT<31:0>> created at line 311.
    Found 8x8-bit Read Only RAM for signal <n0289>
    Found 8x8-bit Read Only RAM for signal <n0290>
    Found 8x8-bit Read Only RAM for signal <n0291>
    Found 8x8-bit Read Only RAM for signal <n0292>
    Found 8x8-bit Read Only RAM for signal <n0301>
    Found 1-bit 4-to-1 multiplexer for signal <countB[1]_CHAR_T3[3]_Mux_99_o> created at line 265.
    Found 1-bit 4-to-1 multiplexer for signal <countB[1]_CHAR_T2[3]_Mux_109_o> created at line 285.
    Found 1-bit 3-to-1 multiplexer for signal <countB[1]_X_5_o_Mux_119_o> created at line 305.
    Found 32-bit comparator greater for signal <n0121> created at line 303
    Summary:
	inferred   5 RAM(s).
	inferred   9 Adder/Subtractor(s).
	inferred 335 D-type flip-flop(s).
	inferred   1 Comparator(s).
	inferred  22 Multiplexer(s).
	inferred   1 Finite State Machine(s).
Unit <php11> synthesized.

Synthesizing Unit <mux_7seg_char>.
    Related source file is "/home/john/Desktop/FPGA_projekt/PHP11_MxDisplay/mux_7seg_char.vhd".
    Found 4-bit register for signal <digit>.
    Found 2-bit register for signal <cd>.
    Found 8-bit register for signal <akt_znak>.
    Found 2-bit adder for signal <cd[1]_GND_6_o_add_0_OUT> created at line 44.
    Found 4x4-bit Read Only RAM for signal <cd[1]_GND_6_o_wide_mux_2_OUT>
    Found 8-bit 4-to-1 multiplexer for signal <cd[1]_DIN3[7]_wide_mux_1_OUT> created at line 45.
    Summary:
	inferred   1 RAM(s).
	inferred   1 Adder/Subtractor(s).
	inferred  14 D-type flip-flop(s).
	inferred   1 Multiplexer(s).
Unit <mux_7seg_char> synthesized.

=========================================================================
HDL Synthesis Report

Macro Statistics
# RAMs                                                 : 6
 4x4-bit single-port Read Only RAM                     : 1
 8x8-bit single-port Read Only RAM                     : 5
# Adders/Subtractors                                   : 10
 2-bit adder                                           : 1
 28-bit adder                                          : 3
 32-bit adder                                          : 5
 32-bit subtractor                                     : 1
# Registers                                            : 26
 1-bit register                                        : 4
 2-bit register                                        : 3
 28-bit register                                       : 3
 3-bit register                                        : 1
 32-bit register                                       : 6
 4-bit register                                        : 3
 8-bit register                                        : 6
# Comparators                                          : 1
 32-bit comparator greater                             : 1
# Multiplexers                                         : 23
 1-bit 2-to-1 multiplexer                              : 3
 1-bit 3-to-1 multiplexer                              : 1
 1-bit 4-to-1 multiplexer                              : 2
 2-bit 2-to-1 multiplexer                              : 10
 3-bit 2-to-1 multiplexer                              : 1
 32-bit 2-to-1 multiplexer                             : 5
 8-bit 4-to-1 multiplexer                              : 1
# FSMs                                                 : 1

=========================================================================

=========================================================================
*                       Advanced HDL Synthesis                          *
=========================================================================

WARNING:Xst:2677 - Node <CHAR_T0_1> of sequential type is unconnected in block <php11>.

Synthesizing (advanced) Unit <mux_7seg_char>.
The following registers are absorbed into counter <cd>: 1 register on signal <cd>.
INFO:Xst:3217 - HDL ADVISOR - Register <digit> currently described with an asynchronous reset, could be combined with distributed RAM <Mram_cd[1]_GND_6_o_wide_mux_2_OUT> for implementation on block RAM resources if you made this reset synchronous instead.
    -----------------------------------------------------------------------
    | ram_type           | Distributed                         |          |
    -----------------------------------------------------------------------
    | Port A                                                              |
    |     aspect ratio   | 4-word x 4-bit                      |          |
    |     weA            | connected to signal <GND>           | high     |
    |     addrA          | connected to signal <cd>            |          |
    |     diA            | connected to signal <GND>           |          |
    |     doA            | connected to internal node          |          |
    -----------------------------------------------------------------------
Unit <mux_7seg_char> synthesized (advanced).

Synthesizing (advanced) Unit <php11>.
The following registers are absorbed into counter <countD>: 1 register on signal <countD>.
The following registers are absorbed into counter <countC>: 1 register on signal <countC>.
The following registers are absorbed into counter <countA>: 1 register on signal <countA>.
The following registers are absorbed into counter <CHAR2_p>: 1 register on signal <CHAR2_p>.
The following registers are absorbed into counter <CHAR3_p>: 1 register on signal <CHAR3_p>.
The following registers are absorbed into counter <CHAR1_p>: 1 register on signal <CHAR1_p>.
The following registers are absorbed into counter <CHAR0_p>: 1 register on signal <CHAR0_p>.
The following registers are absorbed into counter <M_CHAR_p>: 1 register on signal <M_CHAR_p>.
INFO:Xst:3231 - The small RAM <Mram_n0301> will be implemented on LUTs in order to maximize performance and save block RAM resources. If you want to force its implementation on block, use option/constraint ram_style.
    -----------------------------------------------------------------------
    | ram_type           | Distributed                         |          |
    -----------------------------------------------------------------------
    | Port A                                                              |
    |     aspect ratio   | 8-word x 8-bit                      |          |
    |     weA            | connected to signal <GND>           | high     |
    |     addrA          | connected to signal <M_CHAR_p<2:0>> |          |
    |     diA            | connected to signal <GND>           |          |
    |     doA            | connected to internal node          |          |
    -----------------------------------------------------------------------
INFO:Xst:3231 - The small RAM <Mram_n0289> will be implemented on LUTs in order to maximize performance and save block RAM resources. If you want to force its implementation on block, use option/constraint ram_style.
    -----------------------------------------------------------------------
    | ram_type           | Distributed                         |          |
    -----------------------------------------------------------------------
    | Port A                                                              |
    |     aspect ratio   | 8-word x 8-bit                      |          |
    |     weA            | connected to signal <GND>           | high     |
    |     addrA          | connected to signal <CHAR3_p<2:0>>  |          |
    |     diA            | connected to signal <GND>           |          |
    |     doA            | connected to internal node          |          |
    -----------------------------------------------------------------------
INFO:Xst:3231 - The small RAM <Mram_n0290> will be implemented on LUTs in order to maximize performance and save block RAM resources. If you want to force its implementation on block, use option/constraint ram_style.
    -----------------------------------------------------------------------
    | ram_type           | Distributed                         |          |
    -----------------------------------------------------------------------
    | Port A                                                              |
    |     aspect ratio   | 8-word x 8-bit                      |          |
    |     weA            | connected to signal <GND>           | high     |
    |     addrA          | connected to signal <CHAR2_p<2:0>>  |          |
    |     diA            | connected to signal <GND>           |          |
    |     doA            | connected to internal node          |          |
    -----------------------------------------------------------------------
INFO:Xst:3231 - The small RAM <Mram_n0291> will be implemented on LUTs in order to maximize performance and save block RAM resources. If you want to force its implementation on block, use option/constraint ram_style.
    -----------------------------------------------------------------------
    | ram_type           | Distributed                         |          |
    -----------------------------------------------------------------------
    | Port A                                                              |
    |     aspect ratio   | 8-word x 8-bit                      |          |
    |     weA            | connected to signal <GND>           | high     |
    |     addrA          | connected to signal <CHAR1_p<2:0>>  |          |
    |     diA            | connected to signal <GND>           |          |
    |     doA            | connected to internal node          |          |
    -----------------------------------------------------------------------
INFO:Xst:3231 - The small RAM <Mram_n0292> will be implemented on LUTs in order to maximize performance and save block RAM resources. If you want to force its implementation on block, use option/constraint ram_style.
    -----------------------------------------------------------------------
    | ram_type           | Distributed                         |          |
    -----------------------------------------------------------------------
    | Port A                                                              |
    |     aspect ratio   | 8-word x 8-bit                      |          |
    |     weA            | connected to signal <GND>           | high     |
    |     addrA          | connected to signal <CHAR0_p<2:0>>  |          |
    |     diA            | connected to signal <GND>           |          |
    |     doA            | connected to internal node          |          |
    -----------------------------------------------------------------------
Unit <php11> synthesized (advanced).
WARNING:Xst:2677 - Node <CHAR_T0_1> of sequential type is unconnected in block <php11>.

=========================================================================
Advanced HDL Synthesis Report

Macro Statistics
# RAMs                                                 : 6
 4x4-bit single-port distributed Read Only RAM         : 1
 8x8-bit single-port distributed Read Only RAM         : 5
# Adders/Subtractors                                   : 1
 32-bit subtractor                                     : 1
# Counters                                             : 9
 2-bit up counter                                      : 1
 28-bit up counter                                     : 3
 32-bit up counter                                     : 5
# Registers                                            : 102
 Flip-Flops                                            : 102
# Comparators                                          : 1
 32-bit comparator greater                             : 1
# Multiplexers                                         : 23
 1-bit 2-to-1 multiplexer                              : 3
 1-bit 3-to-1 multiplexer                              : 1
 1-bit 4-to-1 multiplexer                              : 2
 2-bit 2-to-1 multiplexer                              : 10
 3-bit 2-to-1 multiplexer                              : 1
 32-bit 2-to-1 multiplexer                             : 5
 8-bit 4-to-1 multiplexer                              : 1
# FSMs                                                 : 1

=========================================================================

=========================================================================
*                         Low Level Synthesis                           *
=========================================================================
Analyzing FSM <MFsm> for best encoding.
Optimizing FSM <FSM_0> on signal <SEQ[1:3]> with user encoding.
-------------------
 State | Encoding
-------------------
 000   | 000
 100   | 100
 011   | 011
 010   | 010
 001   | 001
-------------------
WARNING:Xst:1293 - FF/Latch <M_CHAR_7> has a constant value of 0 in block <php11>. This FF/Latch will be trimmed during the optimization process.
WARNING:Xst:1895 - Due to other FF/Latch trimming, FF/Latch <CHAR3_7> (without init value) has a constant value of 0 in block <php11>. This FF/Latch will be trimmed during the optimization process.
WARNING:Xst:1895 - Due to other FF/Latch trimming, FF/Latch <CHAR2_7> (without init value) has a constant value of 0 in block <php11>. This FF/Latch will be trimmed during the optimization process.
WARNING:Xst:1895 - Due to other FF/Latch trimming, FF/Latch <CHAR1_7> (without init value) has a constant value of 0 in block <php11>. This FF/Latch will be trimmed during the optimization process.
WARNING:Xst:1895 - Due to other FF/Latch trimming, FF/Latch <CHAR0_7> (without init value) has a constant value of 0 in block <php11>. This FF/Latch will be trimmed during the optimization process.
INFO:Xst:2261 - The FF/Latch <CHAR2_0> in Unit <php11> is equivalent to the following 3 FFs/Latches, which will be removed : <CHAR2_1> <CHAR2_5> <CHAR2_6> 
INFO:Xst:2261 - The FF/Latch <CHAR1_0> in Unit <php11> is equivalent to the following 3 FFs/Latches, which will be removed : <CHAR1_1> <CHAR1_5> <CHAR1_6> 
INFO:Xst:2261 - The FF/Latch <CHAR0_0> in Unit <php11> is equivalent to the following 3 FFs/Latches, which will be removed : <CHAR0_1> <CHAR0_5> <CHAR0_6> 
INFO:Xst:2261 - The FF/Latch <CHAR3_0> in Unit <php11> is equivalent to the following 3 FFs/Latches, which will be removed : <CHAR3_1> <CHAR3_5> <CHAR3_6> 
INFO:Xst:2261 - The FF/Latch <M_CHAR_0> in Unit <php11> is equivalent to the following 3 FFs/Latches, which will be removed : <M_CHAR_1> <M_CHAR_5> <M_CHAR_6> 
INFO:Xst:2261 - The FF/Latch <CHAR2_2> in Unit <php11> is equivalent to the following FF/Latch, which will be removed : <CHAR2_3> 
INFO:Xst:2261 - The FF/Latch <CHAR1_2> in Unit <php11> is equivalent to the following FF/Latch, which will be removed : <CHAR1_3> 
INFO:Xst:2261 - The FF/Latch <CHAR0_2> in Unit <php11> is equivalent to the following FF/Latch, which will be removed : <CHAR0_3> 
INFO:Xst:2261 - The FF/Latch <CHAR3_2> in Unit <php11> is equivalent to the following FF/Latch, which will be removed : <CHAR3_3> 
INFO:Xst:2261 - The FF/Latch <M_CHAR_2> in Unit <php11> is equivalent to the following FF/Latch, which will be removed : <M_CHAR_3> 
WARNING:Xst:1710 - FF/Latch <CHAR_T3_0> (without init value) has a constant value of 0 in block <php11>. This FF/Latch will be trimmed during the optimization process.
WARNING:Xst:1710 - FF/Latch <CHAR_T0_0> (without init value) has a constant value of 0 in block <php11>. This FF/Latch will be trimmed during the optimization process.
WARNING:Xst:1710 - FF/Latch <CHAR_T1_0> (without init value) has a constant value of 0 in block <php11>. This FF/Latch will be trimmed during the optimization process.
WARNING:Xst:1710 - FF/Latch <CHAR_T1_1> (without init value) has a constant value of 0 in block <php11>. This FF/Latch will be trimmed during the optimization process.
WARNING:Xst:1710 - FF/Latch <CHAR_T1_2> (without init value) has a constant value of 1 in block <php11>. This FF/Latch will be trimmed during the optimization process.
INFO:Xst:2261 - The FF/Latch <CHAR_T2_0> in Unit <php11> is equivalent to the following 2 FFs/Latches, which will be removed : <CHAR_T2_1> <CHAR_T2_2> 
WARNING:Xst:3002 - This design contains one or more registers/latches that are directly
   incompatible with the Spartan6 architecture. The two primary causes of this is
   either a register or latch described with both an asynchronous set and
   asynchronous reset, or a register or latch described with an asynchronous
   set or reset which however has an initialization value of the opposite 
   polarity (i.e. asynchronous reset with an initialization value of 1).
    While this circuit can be built, it creates a sub-optimal implementation
   in terms of area, power and performance. For a more optimal implementation
   Xilinx highly recommends one of the following:

          1) Remove either the set or reset from all registers and latches
             if not needed for required functionality
          2) Modify the code in order to produce a synchronous set
             and/or reset (both is preferred)
          3) Ensure all registers have the same initialization value as the
             described asynchronous set or reset polarity
          4) Use the -async_to_sync option to transform the asynchronous
             set/reset to synchronous operation
             (timing simulation highly recommended when using this option)

  Please refer to http://www.xilinx.com search string "Spartan6 asynchronous set/reset" for more details.

  List of register instances with asynchronous set or reset and opposite initialization value:
    akt_znak_5 in unit <mux_7seg_char>


Optimizing unit <php11> ...
INFO:Xst:2261 - The FF/Latch <CHAR_T3_1> in Unit <php11> is equivalent to the following FF/Latch, which will be removed : <CHAR_T3_3> 
WARNING:Xst:1710 - FF/Latch <CHAR_T3_1> (without init value) has a constant value of 1 in block <php11>. This FF/Latch will be trimmed during the optimization process.

Optimizing unit <mux_7seg_char> ...
WARNING:Xst:1293 - FF/Latch <m7seg/akt_znak_7> has a constant value of 0 in block <php11>. This FF/Latch will be trimmed during the optimization process.

Mapping all equations...
Building and optimizing final netlist ...
INFO:Xst:2261 - The FF/Latch <m7seg/akt_znak_3> in Unit <php11> is equivalent to the following FF/Latch, which will be removed : <m7seg/akt_znak_2> 
INFO:Xst:2261 - The FF/Latch <m7seg/akt_znak_6> in Unit <php11> is equivalent to the following 2 FFs/Latches, which will be removed : <m7seg/akt_znak_1> <m7seg/akt_znak_0> 
Found area constraint ratio of 100 (+ 5) on block php11, actual ratio is 5.
WARNING:Xst:1426 - The value init of the FF/Latch m7seg/akt_znak_5_LD hinder the constant cleaning in the block php11.
   You should achieve better results by setting this init to 1.
FlipFlop SEQ_FSM_FFd3 has been replicated 1 time(s)

Final Macro Processing ...

=========================================================================
Final Register Report

Macro Statistics
# Registers                                            : 315
 Flip-Flops                                            : 315

=========================================================================

=========================================================================
*                           Partition Report                            *
=========================================================================

Partition Implementation Status
-------------------------------

  No Partitions were found in this design.

-------------------------------

=========================================================================
*                            Design Summary                             *
=========================================================================

Top Level Output File Name         : php11.ngc

Primitive and Black Box Usage:
------------------------------
# BELS                             : 1177
#      GND                         : 1
#      INV                         : 42
#      LUT1                        : 237
#      LUT2                        : 35
#      LUT3                        : 45
#      LUT4                        : 130
#      LUT5                        : 8
#      LUT6                        : 135
#      MUXCY                       : 267
#      VCC                         : 1
#      XORCY                       : 276
# FlipFlops/Latches                : 316
#      FD                          : 192
#      FD_1                        : 1
#      FDC                         : 2
#      FDC_1                       : 3
#      FDE                         : 54
#      FDP_1                       : 5
#      FDR                         : 56
#      FDRE                        : 1
#      FDSE                        : 1
#      LD                          : 1
# Clock Buffers                    : 3
#      BUFG                        : 2
#      BUFGP                       : 1
# IO Buffers                       : 15
#      IBUF                        : 1
#      OBUF                        : 14

Device utilization summary:
---------------------------

Selected Device : 6slx16csg324-3 


Slice Logic Utilization: 
 Number of Slice Registers:             316  out of  18224     1%  
 Number of Slice LUTs:                  632  out of   9112     6%  
    Number used as Logic:               632  out of   9112     6%  

Slice Logic Distribution: 
 Number of LUT Flip Flop pairs used:    635
   Number with an unused Flip Flop:     319  out of    635    50%  
   Number with an unused LUT:             3  out of    635     0%  
   Number of fully used LUT-FF pairs:   313  out of    635    49%  
   Number of unique control sets:        13

IO Utilization: 
 Number of IOs:                          16
 Number of bonded IOBs:                  16  out of    232     6%  

Specific Feature Utilization:
 Number of BUFG/BUFGCTRLs:                3  out of     16    18%  

---------------------------
Partition Resource Summary:
---------------------------

  No Partitions were found in this design.

---------------------------


=========================================================================
Timing Report

NOTE: THESE TIMING NUMBERS ARE ONLY A SYNTHESIS ESTIMATE.
      FOR ACCURATE TIMING INFORMATION PLEASE REFER TO THE TRACE REPORT
      GENERATED AFTER PLACE-and-ROUTE.

Clock Information:
------------------
-----------------------------------+------------------------+-------+
Clock Signal                       | Clock buffer(FF name)  | Load  |
-----------------------------------+------------------------+-------+
clk                                | BUFGP                  | 226   |
clkA                               | BUFG                   | 78    |
clk1kHz                            | NONE(m7seg/cd_1)       | 11    |
btnd                               | IBUF+BUFG              | 1     |
-----------------------------------+------------------------+-------+
INFO:Xst:2169 - HDL ADVISOR - Some clock signals were not automatically buffered by XST with BUFG/BUFR resources. Please use the buffer_type constraint in order to insert these buffers to the clock signals to help prevent skew problems.

Asynchronous Control Signals Information:
----------------------------------------
No asynchronous control signals found in this design

Timing Summary:
---------------
Speed Grade: -3

   Minimum period: 5.604ns (Maximum Frequency: 178.429MHz)
   Minimum input arrival time before clock: 2.508ns
   Maximum output required time after clock: 4.989ns
   Maximum combinational path delay: No path found

Timing Details:
---------------
All values displayed in nanoseconds (ns)

=========================================================================
Timing constraint: Default period analysis for Clock 'clk'
  Clock period: 5.604ns (frequency: 178.429MHz)
  Total number of paths / destination ports: 17348 / 298
-------------------------------------------------------------------------
Delay:               5.604ns (Levels of Logic = 4)
  Source:            countC_1 (FF)
  Destination:       CHAR2_p_1 (FF)
  Source Clock:      clk rising
  Destination Clock: clk rising

  Data Path: countC_1 to CHAR2_p_1
                                Gate     Net
    Cell:in->out      fanout   Delay   Delay  Logical Name (Net Name)
    ----------------------------------------  ------------
     FD:C->Q               2   0.447   0.981  countC_1 (countC_1)
     LUT6:I0->O           25   0.203   1.193  GND_5_o_GND_5_o_equal_9_o<27>4 (GND_5_o_GND_5_o_equal_9_o<27>3)
     LUT6:I5->O            4   0.205   0.684  GND_5_o_GND_5_o_equal_9_o<27>7_1 (GND_5_o_GND_5_o_equal_9_o<27>7)
     LUT6:I5->O           31   0.205   1.382  _n03367 (_n0336)
     LUT4:I2->O            1   0.203   0.000  CHAR3_p_1_rstpot (CHAR3_p_1_rstpot)
     FD:D                      0.102          CHAR3_p_1
    ----------------------------------------
    Total                      5.604ns (1.365ns logic, 4.239ns route)
                                       (24.4% logic, 75.6% route)

=========================================================================
Timing constraint: Default period analysis for Clock 'clkA'
  Clock period: 5.566ns (frequency: 179.652MHz)
  Total number of paths / destination ports: 2672 / 120
-------------------------------------------------------------------------
Delay:               5.566ns (Levels of Logic = 4)
  Source:            M_CHAR_p_14 (FF)
  Destination:       M_CHAR_p_1 (FF)
  Source Clock:      clkA rising
  Destination Clock: clkA rising

  Data Path: M_CHAR_p_14 to M_CHAR_p_1
                                Gate     Net
    Cell:in->out      fanout   Delay   Delay  Logical Name (Net Name)
    ----------------------------------------  ------------
     FD:C->Q               3   0.447   1.015  M_CHAR_p_14 (M_CHAR_p_14)
     LUT6:I0->O            1   0.203   0.827  _n03461 (_n03461)
     LUT4:I0->O            2   0.203   0.721  _n03464 (_n03464)
     LUT5:I3->O           31   0.203   1.642  _n03467 (_n0346)
     LUT6:I0->O            1   0.203   0.000  M_CHAR_p_1_rstpot (M_CHAR_p_1_rstpot)
     FD:D                      0.102          M_CHAR_p_1
    ----------------------------------------
    Total                      5.566ns (1.361ns logic, 4.205ns route)
                                       (24.5% logic, 75.5% route)

=========================================================================
Timing constraint: Default period analysis for Clock 'clk1kHz'
  Clock period: 2.163ns (frequency: 462.406MHz)
  Total number of paths / destination ports: 21 / 11
-------------------------------------------------------------------------
Delay:               2.163ns (Levels of Logic = 1)
  Source:            m7seg/cd_0 (FF)
  Destination:       m7seg/cd_0 (FF)
  Source Clock:      clk1kHz falling
  Destination Clock: clk1kHz falling

  Data Path: m7seg/cd_0 to m7seg/cd_0
                                Gate     Net
    Cell:in->out      fanout   Delay   Delay  Logical Name (Net Name)
    ----------------------------------------  ------------
     FDC:C->Q              9   0.447   0.829  m7seg/cd_0 (m7seg/cd_0)
     INV:I->O              1   0.206   0.579  m7seg/Mcount_cd_xor<0>11_INV_0 (m7seg/Result<0>)
     FDC:D                     0.102          m7seg/cd_0
    ----------------------------------------
    Total                      2.163ns (0.755ns logic, 1.408ns route)
                                       (34.9% logic, 65.1% route)

=========================================================================
Timing constraint: Default OFFSET IN BEFORE for Clock 'clk1kHz'
  Total number of paths / destination ports: 10 / 10
-------------------------------------------------------------------------
Offset:              2.508ns (Levels of Logic = 1)
  Source:            btnd (PAD)
  Destination:       m7seg/cd_1 (FF)
  Destination Clock: clk1kHz falling

  Data Path: btnd to m7seg/cd_1
                                Gate     Net
    Cell:in->out      fanout   Delay   Delay  Logical Name (Net Name)
    ----------------------------------------  ------------
     IBUF:I->O            10   1.222   0.856  btnd_IBUF (btnd_IBUF)
     FDC_1:CLR                 0.430          m7seg/akt_znak_3
    ----------------------------------------
    Total                      2.508ns (1.652ns logic, 0.856ns route)
                                       (65.9% logic, 34.1% route)

=========================================================================
Timing constraint: Default OFFSET OUT AFTER for Clock 'clk1kHz'
  Total number of paths / destination ports: 39 / 11
-------------------------------------------------------------------------
Offset:              4.938ns (Levels of Logic = 2)
  Source:            m7seg/akt_znak_6 (FF)
  Destination:       seg<6> (PAD)
  Source Clock:      clk1kHz falling

  Data Path: m7seg/akt_znak_6 to seg<6>
                                Gate     Net
    Cell:in->out      fanout   Delay   Delay  Logical Name (Net Name)
    ----------------------------------------  ------------
     FDC_1:C->Q            7   0.447   1.138  m7seg/akt_znak_6 (m7seg/akt_znak_6)
     LUT6:I0->O            1   0.203   0.579  m7seg/seg<4> (seg_4_OBUF)
     OBUF:I->O                 2.571          seg_4_OBUF (seg<4>)
    ----------------------------------------
    Total                      4.938ns (3.221ns logic, 1.717ns route)
                                       (65.2% logic, 34.8% route)

=========================================================================
Timing constraint: Default OFFSET OUT AFTER for Clock 'btnd'
  Total number of paths / destination ports: 7 / 7
-------------------------------------------------------------------------
Offset:              4.989ns (Levels of Logic = 2)
  Source:            m7seg/akt_znak_5_LD (LATCH)
  Destination:       seg<5> (PAD)
  Source Clock:      btnd falling

  Data Path: m7seg/akt_znak_5_LD to seg<5>
                                Gate     Net
    Cell:in->out      fanout   Delay   Delay  Logical Name (Net Name)
    ----------------------------------------  ------------
     LD:G->Q               7   0.498   1.138  m7seg/akt_znak_5_LD (m7seg/akt_znak_5_LD)
     LUT6:I0->O            1   0.203   0.579  m7seg/seg<8>1 (seg_0_OBUF)
     OBUF:I->O                 2.571          seg_0_OBUF (seg<0>)
    ----------------------------------------
    Total                      4.989ns (3.272ns logic, 1.717ns route)
                                       (65.6% logic, 34.4% route)

=========================================================================
Timing constraint: Default OFFSET OUT AFTER for Clock 'clkA'
  Total number of paths / destination ports: 2 / 2
-------------------------------------------------------------------------
Offset:              3.597ns (Levels of Logic = 1)
  Source:            led_1 (FF)
  Destination:       led<1> (PAD)
  Source Clock:      clkA rising

  Data Path: led_1 to led<1>
                                Gate     Net
    Cell:in->out      fanout   Delay   Delay  Logical Name (Net Name)
    ----------------------------------------  ------------
     FDE:C->Q              1   0.447   0.579  led_1 (led_1)
     OBUF:I->O                 2.571          led_1_OBUF (led<1>)
    ----------------------------------------
    Total                      3.597ns (3.018ns logic, 0.579ns route)
                                       (83.9% logic, 16.1% route)

=========================================================================

Cross Clock Domains Report:
--------------------------

Clock to Setup on destination clock clk
---------------+---------+---------+---------+---------+
               | Src:Rise| Src:Fall| Src:Rise| Src:Fall|
Source Clock   |Dest:Rise|Dest:Rise|Dest:Fall|Dest:Fall|
---------------+---------+---------+---------+---------+
clk            |    5.604|         |         |         |
---------------+---------+---------+---------+---------+

Clock to Setup on destination clock clk1kHz
---------------+---------+---------+---------+---------+
               | Src:Rise| Src:Fall| Src:Rise| Src:Fall|
Source Clock   |Dest:Rise|Dest:Rise|Dest:Fall|Dest:Fall|
---------------+---------+---------+---------+---------+
clk            |         |         |    1.616|         |
clk1kHz        |         |         |    2.163|         |
---------------+---------+---------+---------+---------+

Clock to Setup on destination clock clkA
---------------+---------+---------+---------+---------+
               | Src:Rise| Src:Fall| Src:Rise| Src:Fall|
Source Clock   |Dest:Rise|Dest:Rise|Dest:Fall|Dest:Fall|
---------------+---------+---------+---------+---------+
clkA           |    5.566|         |         |         |
---------------+---------+---------+---------+---------+

=========================================================================


Total REAL time to Xst completion: 12.00 secs
Total CPU time to Xst completion: 12.07 secs
 
--> 


Total memory usage is 393660 kilobytes

Number of errors   :    0 (   0 filtered)
Number of warnings :   16 (   0 filtered)
Number of infos    :   21 (   0 filtered)

